
> encore-frontend@0.1.0 build
> next build

node.exe :  ÔÜá The config property `experimental.turbo` is deprecated. Move this setting to `config.turbopack` or run `npx 
@next/codemod@latest next-experimental-turbo-to-turbopack .`
En C:\Program Files\nodejs\npm.ps1: 29 Carácter: 3
+   & $NODE_EXE $NPM_CLI_JS $args
+   ~~~~~~~~~~~~~~~~~~~~~~~~~~~~~
    + CategoryInfo          : NotSpecified: ( ÔÜá The config...to-turbopack .`:String) [], RemoteException
    + FullyQualifiedErrorId : NativeCommandError
 
 ÔÜá Warning: Next.js inferred your workspace root, but it may not be correct.
 We detected multiple lockfiles and selected the directory of D:\www\musicbar\package-lock.json as the root directory.
 To silence this warning, set `outputFileTracingRoot` in your Next.js config, or consider removing one of the lockfiles if it's not 
needed.
   See https://nextjs.org/docs/app/api-reference/config/next-config-js/output#caveats for more information.
 Detected additional lockfiles: 
   * D:\www\musicbar\frontend\package-lock.json

   Ôû▓ Next.js 15.5.2
   - Environments: .env.local

   Creating an optimized production build ...
 Ô£ô Compiled successfully in 8.3s
   Linting and checking validity of types ...
Failed to compile.

./src/utils/validation.ts:153:30
Type error: Argument of type 'string | undefined' is not assignable to parameter of type 'string'.
  Type 'undefined' is not assignable to type 'string'.

[0m [90m 151 |[39m   }
 [90m 152 |[39m   
[31m[1m>[22m[39m[90m 153 |[39m   [36mif[39m 
([33m![39mvalidateMusicProvider(barConfig[33m.[39mmusicProvider[33m?[39m[33m.[39mtype)) {
 [90m     |[39m                              [31m[1m^[22m[39m
 [90m 154 |[39m     errors[33m.[39mpush([32m'Proveedor de m├║sica inv├ílido'[39m)[33m;[39m
 [90m 155 |[39m   }
 [90m 156 |[39m   [0m
Next.js build worker exited with code: 1 and signal: null
npm error Lifecycle script `build` failed with error:
npm error code 1
npm error path D:\www\musicbar\frontend
npm error workspace encore-frontend@0.1.0
npm error location D:\www\musicbar\frontend
npm error command failed
npm error command C:\WINDOWS\system32\cmd.exe /d /s /c next build
